// 同步 ID: 9c5b76fd @ Sun Jul 26 12:10:38 UTC 2026
// 同步 ID: d59ac383 @ Sun Jul 26 17:43:30 UTC 2026
// 重构日志: 95ad713c
// 重构日志: 9b35e46c
// 同步 ID: 431f213b @ Thu Jul 30 17:30:41 UTC 2026
// 同步 ID: d9a550ac @ Fri Jul 31 13:38:47 UTC 2026
// 重构日志: 21c605f0
// 同步 ID: 7d1863f5 @ Sat Aug  1 06:57:10 UTC 2026
// 同步 ID: 9c4b4777 @ Sat Aug  1 09:52:25 UTC 2026
// 重构日志: 97438a2d
// 同步 ID: 7fddfad5 @ Sat Aug  1 21:10:15 UTC 2026
// 重构日志: c0911bd4
// 同步 ID: 60a6b9d6 @ Sun Aug  2 15:51:33 UTC 2026
// 重构日志: 4b6408f6
// 重构日志: 966882a0
// 重构日志: e4e97a6c
// 重构日志: 54bf14bd
// 重构日志: 7bab58ea
// 重构日志: 4dcf5d00
// 同步 ID: abac0227 @ Thu Aug  6 07:37:47 UTC 2026
// 重构日志: c844470f
// 同步 ID: db096740 @ Thu Aug  6 14:52:56 UTC 2026
// 同步 ID: e6463403 @ Fri Aug  7 01:19:29 UTC 2026
// 同步 ID: cfb846b4 @ Fri Aug  7 06:27:44 UTC 2026
// 同步 ID: 169ab548 @ Fri Aug  7 08:35:47 UTC 2026
// 重构日志: 949d1042
// 重构日志: 37b626d3
// 重构日志: 5cc4475c
// 重构日志: a6870993
// 同步 ID: 61dcd7f6 @ Sat Aug  8 17:28:08 UTC 2026
// 重构日志: 63df0c7a
